src/components/panel/PanelApp.tsx(154,8): error TS17008: JSX element 'main' has no corresponding closing tag.
src/components/panel/PanelApp.tsx(187,36): error TS1127: Invalid character.
src/components/panel/PanelApp.tsx(187,50): error TS1381: Unexpected token. Did you mean `{'}'}` or `&rbrace;`?
src/components/panel/PanelApp.tsx(189,17): error TS1382: Unexpected token. Did you mean `{'>'}` or `&gt;`?
src/components/panel/PanelApp.tsx(191,37): error TS1127: Invalid character.
src/components/panel/PanelApp.tsx(191,342): error TS1381: Unexpected token. Did you mean `{'}'}` or `&rbrace;`?
src/components/panel/PanelApp.tsx(191,343): error TS1382: Unexpected token. Did you mean `{'>'}` or `&gt;`?
src/components/panel/PanelApp.tsx(212,19): error TS17002: Expected corresponding JSX closing tag for 'section'.
src/components/panel/PanelApp.tsx(214,14): error TS1381: Unexpected token. Did you mean `{'}'}` or `&rbrace;`?
src/components/panel/PanelApp.tsx(218,15): error TS2657: JSX expressions must have one parent element.
src/components/panel/PanelApp.tsx(231,34): error TS1127: Invalid character.
src/components/panel/PanelApp.tsx(231,224): error TS1381: Unexpected token. Did you mean `{'}'}` or `&rbrace;`?
src/components/panel/PanelApp.tsx(232,21): error TS1382: Unexpected token. Did you mean `{'>'}` or `&gt;`?
src/components/panel/PanelApp.tsx(234,23): error TS17002: Expected corresponding JSX closing tag for 'div'.
src/components/panel/PanelApp.tsx(235,21): error TS1381: Unexpected token. Did you mean `{'}'}` or `&rbrace;`?
src/components/panel/PanelApp.tsx(244,15): error TS1005: ')' expected.
src/components/panel/PanelApp.tsx(246,11): error TS1128: Declaration or statement expected.
src/components/panel/PanelApp.tsx(247,9): error TS1109: Expression expected.
src/components/panel/PanelApp.tsx(251,11): error TS2657: JSX expressions must have one parent element.
src/components/panel/PanelApp.tsx(291,9): error TS1128: Declaration or statement expected.
src/components/panel/PanelApp.tsx(293,7): error TS1109: Expression expected.
src/components/panel/PanelApp.tsx(296,12): error TS1005: ';' expected.
src/components/panel/PanelApp.tsx(296,23): error TS1127: Invalid character.
src/components/panel/PanelApp.tsx(296,24): error TS1136: Property assignment expected.
src/components/panel/PanelApp.tsx(453,1): error TS1160: Unterminated template literal.
